// Jest Snapshot v1, https://goo.gl/fbAQLP

exports[`App renders correctly 1`] = `
<section
  className="css-1ehidck"
>
  Hello, world!
</section>
`;
